// Vitest Snapshot v1, https://vitest.dev/guide/snapshot.html

exports[`ResultsPage Component > should match snapshot 1`] = `
<DocumentFragment>
  <div
    class="results"
  >
    <h1>
      ResultsPage
    </h1>
  </div>
</DocumentFragment>
`;
